// Jest Snapshot v1, https://goo.gl/fbAQLP

exports[`CategoryItem should render correctly 1`] = `
<div
  class="card"
  role="article"
>
  <div
    class="card-image"
  >
    <img
      alt="Cake"
      src="Cake.png"
    />
  </div>
  <div
    class="card-content"
  >
    <span
      class="card-title"
    >
      Cake
    </span>
    <p>
      Chocolate cake is a cake flavored with melted chocolate, coc
      ...
    </p>
  </div>
  <div
    class="card-action"
  >
    <a
      class="btn"
      href="/category/Cake"
    >
      Watch category
    </a>
  </div>
</div>
`;
