// Jest Snapshot v1, https://goo.gl/fbAQLP

exports[`MealList should render correctly 1`] = `
<div
  class="list"
  role="list"
>
  <div
    class="card"
    role="article"
  >
    <div
      class="card-image"
    >
      <img
        alt="Cheese cake"
        src="meal.jpg"
      />
    </div>
    <div
      class="card-content"
    >
      <span
        class="card-title"
      >
        Cheese cake
      </span>
    </div>
    <div
      class="card-action"
    >
      <a
        class="btn"
        href="/meal/123"
      >
        Watch recipe
      </a>
    </div>
  </div>
  <div
    class="card"
    role="article"
  >
    <div
      class="card-image"
    >
      <img
        alt="Cake"
        src="meal2.jpg"
      />
    </div>
    <div
      class="card-content"
    >
      <span
        class="card-title"
      >
        Cake
      </span>
    </div>
    <div
      class="card-action"
    >
      <a
        class="btn"
        href="/meal/124"
      >
        Watch recipe
      </a>
    </div>
  </div>
</div>
`;
