// Jest Snapshot v1, https://goo.gl/fbAQLP

exports[`Preloader should render Footer component 1`] = `
<div
  class="progress"
  role="progressbar"
>
  <div
    class="indeterminate"
  />
</div>
`;
